---
source: tests/basic.rs
expression: frames.try_iter().last().unwrap()
---
captured piece:
x01234567890123456789x
0Hello world!        |
1                    |
2                    |
3                    |
4                    |
5                    |
6                    |
7                    |
8                    |
9                    |
x--------------------x

