---
source: tests/basic.rs
expression: frames.try_iter().last().unwrap()
---
captured piece:
x01234567890123456789x
0                    |
1                    |
2Ape                 |
3Bat                 |
4Cat                 |
x--------------------x

